npm ERR! code ERESOLVE
npm ERR! ERESOLVE could not resolve
npm ERR! 
npm ERR! While resolving: @geometricpanda/storybook-addon-badges@2.0.2
npm ERR! Found: @storybook/theming@8.2.8
npm ERR! node_modules/@storybook/theming
npm ERR!   @storybook/theming@"^8.2.8" from @storybook/react@8.2.8
npm ERR!   node_modules/@storybook/react
npm ERR!     dev @storybook/react@"^8.2.8" from the root project
npm ERR!   dev @storybook/theming@"^8.2.8" from the root project
npm ERR! 
npm ERR! Could not resolve dependency:
npm ERR! peer @storybook/theming@"^7.0.0" from @geometricpanda/storybook-addon-badges@2.0.2
npm ERR! node_modules/@geometricpanda/storybook-addon-badges
npm ERR!   dev @geometricpanda/storybook-addon-badges@"^2.0.2" from the root project
npm ERR! 
npm ERR! Conflicting peer dependency: @storybook/theming@7.6.20
npm ERR! node_modules/@storybook/theming
npm ERR!   peer @storybook/theming@"^7.0.0" from @geometricpanda/storybook-addon-badges@2.0.2
npm ERR!   node_modules/@geometricpanda/storybook-addon-badges
npm ERR!     dev @geometricpanda/storybook-addon-badges@"^2.0.2" from the root project
npm ERR! 
npm ERR! Fix the upstream dependency conflict, or retry
npm ERR! this command with --force or --legacy-peer-deps
npm ERR! to accept an incorrect (and potentially broken) dependency resolution.
npm ERR! 
npm ERR! 
npm ERR! For a full report see:
npm ERR! /Users/pawankumar/.npm/_logs/2024-08-12T08_12_42_163Z-eresolve-report.txt

npm ERR! A complete log of this run can be found in: /Users/pawankumar/.npm/_logs/2024-08-12T08_12_42_163Z-debug-0.log
